// Jest Snapshot v1, https://goo.gl/fbAQLP

exports[`CounteButton testing expect to render CounterButton component 1`] = `ShallowWrapper {}`;
